[2026-07-29 18:36:32] ==================================================
[2026-07-29 18:36:32] APUNTANDO TELESCOPIO A RED: TNS_GLOBAL
[2026-07-29 18:36:32] Hemisferio: Sur (ASAS-SN / ATLAS) | Radar de Supernovas de la IAU
[2026-07-29 18:36:32] ==================================================
[2026-07-29 18:36:32] 1. Contactando servidor central del Transient Name Server...
[2026-07-29 18:36:42] ¡Conexión exitosa! El TNS reporta 24714 supernovas recientes en el hemisferio sur.
[2026-07-29 20:00:21] ==================================================
[2026-07-29 20:00:21] APUNTANDO TELESCOPIO A RED: TNS_GLOBAL
[2026-07-29 20:00:21] Hemisferio: Sur (ASAS-SN / ATLAS) | Radar de Supernovas de la IAU
[2026-07-29 20:00:21] ==================================================
[2026-07-29 20:00:21] 1. Contactando servidor central del Transient Name Server...
[2026-07-29 20:00:28] ¡Conexión exitosa! El TNS reporta 24714 supernovas recientes en el hemisferio sur.
[2026-07-29 22:00:23] ==================================================
[2026-07-29 22:00:23] APUNTANDO TELESCOPIO A RED: TNS_GLOBAL
[2026-07-29 22:00:23] Hemisferio: Sur (ASAS-SN / ATLAS) | Radar de Supernovas de la IAU
[2026-07-29 22:00:23] ==================================================
[2026-07-29 22:00:23] 1. Contactando servidor central del Transient Name Server...
[2026-07-29 22:00:28] ¡Conexión exitosa! El TNS reporta 24714 supernovas recientes en el hemisferio sur.
[2026-07-30 00:01:05] ==================================================
[2026-07-30 00:01:05] APUNTANDO TELESCOPIO A RED: TNS_GLOBAL
[2026-07-30 00:01:05] Hemisferio: Sur (ASAS-SN / ATLAS) | Radar de Supernovas de la IAU
[2026-07-30 00:01:05] ==================================================
[2026-07-30 00:01:05] 1. Contactando servidor central del Transient Name Server...
[2026-07-30 00:01:11] ¡Conexión exitosa! El TNS reporta 24714 supernovas recientes en el hemisferio sur.
[2026-07-30 10:25:05] ==================================================
[2026-07-30 10:25:05] APUNTANDO TELESCOPIO A RED: TNS_GLOBAL
[2026-07-30 10:25:05] Hemisferio: Sur (ASAS-SN / ATLAS) | Radar de Supernovas de la IAU
[2026-07-30 10:25:05] ==================================================
[2026-07-30 10:25:05] 1. Contactando servidor central del Transient Name Server...
[2026-07-30 10:25:10] ¡Conexión exitosa! El TNS reporta 24715 supernovas recientes en el hemisferio sur.
