=== INICIANDO CAZADOR MULTIPROPÓSITO v11 (Radar Continuo) ===
➤ Buscando alertas activas desde: 2026-08-02 07:12:00 UTC (MJD: 61254.3000)

==================================================
APUNTANDO TELESCOPIO A RED: ZTF
   -> Procesadas 50 de 1500 alertas...

[ESTACIÓN MAGALLANES] Recibida alerta automática para: ZTF18accxoeb
➤ Coordenadas ICRS : RA 311.64545 | Dec 4.19703

➤ INICIANDO PROTOCOLO EXTRAGALÁCTICO (Núcleo Galáctico Activo)

[1/3] 🌌 Buscando Galaxia Anfitriona / Entorno Extragaláctico (SIMBAD otypes.htx)...
   [-] No se identificó una entidad principal en las cercanías del evento.

[2/X] 🌈 Iniciando análisis térmico / fotométrico global...
   📡 Conectando a bases de datos globales (SIMBAD) para extraer bandas térmicas...
   [!] Catálogo fotométrico limitado. Generando perfil estándar...

[3/3] 🔭 Evaluación de Seguimiento para AGN...
   [+] Evento extragaláctico detectado en coordenadas RA 311.64545, Dec 4.19703.

   [📝] DOCUMENTO GENERADO: Circular guardada en 'alertas/CIRCULAR_ZTF18accxoeb.txt'

[🚀] INICIANDO PROTOCOLO DE ALERTA COMUNITARIA PARA ZTF18accxoeb (AGN)
   [+] ¡Megáfono encendido! Telegrama/Alerta oficial generado en: alertas_comunidad/ALERTA_ATEL_ZTF18accxoeb.txt

=== PIPELINE AUTOMÁTICO DE LABORATORIO COMPLETADO ===
Candidato ZTF18accxoeb procesado exitosamente (Blazar).
   -> Procesadas 100 de 1500 alertas...

[ESTACIÓN MAGALLANES] Recibida alerta automática para: ZTF18abtvjgg
➤ Coordenadas ICRS : RA 308.01144 | Dec 3.06156

➤ INICIANDO PROTOCOLO ESTELAR LOCAL (NOVA)

[1/4] 📡 Consultando NASA Exoplanet Archive...
   [-] No se registran exoplanetas confirmados en sistemas planetarios.

[2/X] 🌈 Iniciando análisis térmico / fotométrico global...
   📡 Conectando a bases de datos globales (SIMBAD) para extraer bandas térmicas...
   [!] Catálogo fotométrico limitado. Generando perfil estándar...

[3/4] 🔬 Iniciando espectroscopía de alta resolución (H-alfa) para ZTF18abtvjgg...
   [-] No hay datos de archivo de alta resolución para esta coordenada específica.

[4/4] 🔭 Evaluación de Viabilidad Observacional para ZTF18abtvjgg...

   [📝] DOCUMENTO GENERADO: Circular guardada en 'alertas/CIRCULAR_ZTF18abtvjgg.txt'

[🚀] INICIANDO PROTOCOLO DE ALERTA COMUNITARIA PARA ZTF18abtvjgg (NOVA)
   [+] ¡Megáfono encendido! Telegrama/Alerta oficial generado en: alertas_comunidad/ALERTA_ATEL_ZTF18abtvjgg.txt

=== PIPELINE AUTOMÁTICO DE LABORATORIO COMPLETADO ===
Candidato ZTF18abtvjgg procesado exitosamente (CV/Nova).

[ESTACIÓN MAGALLANES] Recibida alerta automática para: ZTF17aaadosk
➤ Coordenadas ICRS : RA 310.50185 | Dec 4.31106

➤ INICIANDO PROTOCOLO ESTELAR LOCAL (NOVA)

[1/4] 📡 Consultando NASA Exoplanet Archive...
   [-] No se registran exoplanetas confirmados en sistemas planetarios.

[2/X] 🌈 Iniciando análisis térmico / fotométrico global...
   📡 Conectando a bases de datos globales (SIMBAD) para extraer bandas térmicas...
   [!] Catálogo fotométrico limitado. Generando perfil estándar...

[3/4] 🔬 Iniciando espectroscopía de alta resolución (H-alfa) para ZTF17aaadosk...
   [-] No hay datos de archivo de alta resolución para esta coordenada específica.

[4/4] 🔭 Evaluación de Viabilidad Observacional para ZTF17aaadosk...

   [📝] DOCUMENTO GENERADO: Circular guardada en 'alertas/CIRCULAR_ZTF17aaadosk.txt'

[🚀] INICIANDO PROTOCOLO DE ALERTA COMUNITARIA PARA ZTF17aaadosk (NOVA)
   [+] ¡Megáfono encendido! Telegrama/Alerta oficial generado en: alertas_comunidad/ALERTA_ATEL_ZTF17aaadosk.txt

=== PIPELINE AUTOMÁTICO DE LABORATORIO COMPLETADO ===
Candidato ZTF17aaadosk procesado exitosamente (CV/Nova).

[ESTACIÓN MAGALLANES] Recibida alerta automática para: ZTF18adndcac
➤ Coordenadas ICRS : RA 309.95681 | Dec 4.26854

➤ INICIANDO PROTOCOLO ESTELAR LOCAL (NOVA)

[1/4] 📡 Consultando NASA Exoplanet Archive...
   [-] No se registran exoplanetas confirmados en sistemas planetarios.

[2/X] 🌈 Iniciando análisis térmico / fotométrico global...
   📡 Conectando a bases de datos globales (SIMBAD) para extraer bandas térmicas...
   [!] Catálogo fotométrico limitado. Generando perfil estándar...

[3/4] 🔬 Iniciando espectroscopía de alta resolución (H-alfa) para ZTF18adndcac...
   [-] No hay datos de archivo de alta resolución para esta coordenada específica.

[4/4] 🔭 Evaluación de Viabilidad Observacional para ZTF18adndcac...

   [📝] DOCUMENTO GENERADO: Circular guardada en 'alertas/CIRCULAR_ZTF18adndcac.txt'

[🚀] INICIANDO PROTOCOLO DE ALERTA COMUNITARIA PARA ZTF18adndcac (NOVA)
   [+] ¡Megáfono encendido! Telegrama/Alerta oficial generado en: alertas_comunidad/ALERTA_ATEL_ZTF18adndcac.txt

=== PIPELINE AUTOMÁTICO DE LABORATORIO COMPLETADO ===
Candidato ZTF18adndcac procesado exitosamente (CV/Nova).

[ESTACIÓN MAGALLANES] Recibida alerta automática para: ZTF18abtvjdi
➤ Coordenadas ICRS : RA 308.59098 | Dec 7.36551

➤ INICIANDO PROTOCOLO ESTELAR LOCAL (NOVA)

[1/4] 📡 Consultando NASA Exoplanet Archive...
   [-] No se registran exoplanetas confirmados en sistemas planetarios.

[2/X] 🌈 Iniciando análisis térmico / fotométrico global...
   📡 Conectando a bases de datos globales (SIMBAD) para extraer bandas térmicas...
   [!] Catálogo fotométrico limitado. Generando perfil estándar...

[3/4] 🔬 Iniciando espectroscopía de alta resolución (H-alfa) para ZTF18abtvjdi...
   [-] No hay datos de archivo de alta resolución para esta coordenada específica.

[4/4] 🔭 Evaluación de Viabilidad Observacional para ZTF18abtvjdi...

   [📝] DOCUMENTO GENERADO: Circular guardada en 'alertas/CIRCULAR_ZTF18abtvjdi.txt'

[🚀] INICIANDO PROTOCOLO DE ALERTA COMUNITARIA PARA ZTF18abtvjdi (NOVA)
   [+] ¡Megáfono encendido! Telegrama/Alerta oficial generado en: alertas_comunidad/ALERTA_ATEL_ZTF18abtvjdi.txt

=== PIPELINE AUTOMÁTICO DE LABORATORIO COMPLETADO ===
Candidato ZTF18abtvjdi procesado exitosamente (CV/Nova).

[ESTACIÓN MAGALLANES] Recibida alerta automática para: ZTF18absvcax
➤ Coordenadas ICRS : RA 309.07386 | Dec 2.95202

➤ INICIANDO PROTOCOLO ESTELAR LOCAL (NOVA)

[1/4] 📡 Consultando NASA Exoplanet Archive...
   [-] No se registran exoplanetas confirmados en sistemas planetarios.

[2/X] 🌈 Iniciando análisis térmico / fotométrico global...
   📡 Conectando a bases de datos globales (SIMBAD) para extraer bandas térmicas...
   [!] Catálogo fotométrico limitado. Generando perfil estándar...

[3/4] 🔬 Iniciando espectroscopía de alta resolución (H-alfa) para ZTF18absvcax...
   [-] No hay datos de archivo de alta resolución para esta coordenada específica.

[4/4] 🔭 Evaluación de Viabilidad Observacional para ZTF18absvcax...

   [📝] DOCUMENTO GENERADO: Circular guardada en 'alertas/CIRCULAR_ZTF18absvcax.txt'

[🚀] INICIANDO PROTOCOLO DE ALERTA COMUNITARIA PARA ZTF18absvcax (NOVA)
   [+] ¡Megáfono encendido! Telegrama/Alerta oficial generado en: alertas_comunidad/ALERTA_ATEL_ZTF18absvcax.txt

=== PIPELINE AUTOMÁTICO DE LABORATORIO COMPLETADO ===
Candidato ZTF18absvcax procesado exitosamente (CV/Nova).
   -> Procesadas 150 de 1500 alertas...
   -> Procesadas 200 de 1500 alertas...

[ESTACIÓN MAGALLANES] Recibida alerta automática para: ZTF18abutbfn
➤ Coordenadas ICRS : RA 309.36222 | Dec 7.12998

➤ INICIANDO PROTOCOLO ESTELAR LOCAL (NOVA)

[1/4] 📡 Consultando NASA Exoplanet Archive...
   [-] No se registran exoplanetas confirmados en sistemas planetarios.

[2/X] 🌈 Iniciando análisis térmico / fotométrico global...
   📡 Conectando a bases de datos globales (SIMBAD) para extraer bandas térmicas...
   [!] Catálogo fotométrico limitado. Generando perfil estándar...

[3/4] 🔬 Iniciando espectroscopía de alta resolución (H-alfa) para ZTF18abutbfn...
   [-] Error procesando módulo espectroscópico: 503 Server Error: Service Unavailable for url: https://skyserver.sdss.org/dr17/en/tools/search/X_Results.aspx

[4/4] 🔭 Evaluación de Viabilidad Observacional para ZTF18abutbfn...

   [📝] DOCUMENTO GENERADO: Circular guardada en 'alertas/CIRCULAR_ZTF18abutbfn.txt'

[🚀] INICIANDO PROTOCOLO DE ALERTA COMUNITARIA PARA ZTF18abutbfn (NOVA)
   [+] ¡Megáfono encendido! Telegrama/Alerta oficial generado en: alertas_comunidad/ALERTA_ATEL_ZTF18abutbfn.txt

=== PIPELINE AUTOMÁTICO DE LABORATORIO COMPLETADO ===
Candidato ZTF18abutbfn procesado exitosamente (CV/Nova).
   -> Procesadas 250 de 1500 alertas...

[ESTACIÓN MAGALLANES] Recibida alerta automática para: ZTF18admgdeu
➤ Coordenadas ICRS : RA 307.20743 | Dec -4.38261

➤ INICIANDO PROTOCOLO ESTELAR LOCAL (NOVA)

[1/4] 📡 Consultando NASA Exoplanet Archive...
   [-] No se registran exoplanetas confirmados en sistemas planetarios.

[2/X] 🌈 Iniciando análisis térmico / fotométrico global...
   📡 Conectando a bases de datos globales (SIMBAD) para extraer bandas térmicas...
   [!] Catálogo fotométrico limitado. Generando perfil estándar...

[3/4] 🔬 Iniciando espectroscopía de alta resolución (H-alfa) para ZTF18admgdeu...
   [-] Error procesando módulo espectroscópico: Number of header columns (1) inconsistent with data columns in data line 13

[4/4] 🔭 Evaluación de Viabilidad Observacional para ZTF18admgdeu...

   [📝] DOCUMENTO GENERADO: Circular guardada en 'alertas/CIRCULAR_ZTF18admgdeu.txt'

[🚀] INICIANDO PROTOCOLO DE ALERTA COMUNITARIA PARA ZTF18admgdeu (NOVA)
   [+] ¡Megáfono encendido! Telegrama/Alerta oficial generado en: alertas_comunidad/ALERTA_ATEL_ZTF18admgdeu.txt

=== PIPELINE AUTOMÁTICO DE LABORATORIO COMPLETADO ===
Candidato ZTF18admgdeu procesado exitosamente (CV/Nova).

[ESTACIÓN MAGALLANES] Recibida alerta automática para: ZTF18abmqugk
➤ Coordenadas ICRS : RA 307.90652 | Dec -0.08672

➤ INICIANDO PROTOCOLO ESTELAR LOCAL (NOVA)

[1/4] 📡 Consultando NASA Exoplanet Archive...
   [-] No se registran exoplanetas confirmados en sistemas planetarios.

[2/X] 🌈 Iniciando análisis térmico / fotométrico global...
   📡 Conectando a bases de datos globales (SIMBAD) para extraer bandas térmicas...
   [!] Catálogo fotométrico limitado. Generando perfil estándar...

[3/4] 🔬 Iniciando espectroscopía de alta resolución (H-alfa) para ZTF18abmqugk...
   [-] Error procesando módulo espectroscópico: 503 Server Error: Service Unavailable for url: https://skyserver.sdss.org/dr17/en/tools/search/X_Results.aspx

[4/4] 🔭 Evaluación de Viabilidad Observacional para ZTF18abmqugk...

   [📝] DOCUMENTO GENERADO: Circular guardada en 'alertas/CIRCULAR_ZTF18abmqugk.txt'

[🚀] INICIANDO PROTOCOLO DE ALERTA COMUNITARIA PARA ZTF18abmqugk (NOVA)
   [+] ¡Megáfono encendido! Telegrama/Alerta oficial generado en: alertas_comunidad/ALERTA_ATEL_ZTF18abmqugk.txt

=== PIPELINE AUTOMÁTICO DE LABORATORIO COMPLETADO ===
Candidato ZTF18abmqugk procesado exitosamente (CV/Nova).

[ESTACIÓN MAGALLANES] Recibida alerta automática para: ZTF18abtvhno
➤ Coordenadas ICRS : RA 304.31738 | Dec -4.12988

➤ INICIANDO PROTOCOLO ESTELAR LOCAL (NOVA)

[1/4] 📡 Consultando NASA Exoplanet Archive...
   [-] No se registran exoplanetas confirmados en sistemas planetarios.

[2/X] 🌈 Iniciando análisis térmico / fotométrico global...
   📡 Conectando a bases de datos globales (SIMBAD) para extraer bandas térmicas...
   [!] Catálogo fotométrico limitado. Generando perfil estándar...

[3/4] 🔬 Iniciando espectroscopía de alta resolución (H-alfa) para ZTF18abtvhno...
   [-] No hay datos de archivo de alta resolución para esta coordenada específica.

[4/4] 🔭 Evaluación de Viabilidad Observacional para ZTF18abtvhno...

   [📝] DOCUMENTO GENERADO: Circular guardada en 'alertas/CIRCULAR_ZTF18abtvhno.txt'

[🚀] INICIANDO PROTOCOLO DE ALERTA COMUNITARIA PARA ZTF18abtvhno (NOVA)
   [+] ¡Megáfono encendido! Telegrama/Alerta oficial generado en: alertas_comunidad/ALERTA_ATEL_ZTF18abtvhno.txt

=== PIPELINE AUTOMÁTICO DE LABORATORIO COMPLETADO ===
Candidato ZTF18abtvhno procesado exitosamente (CV/Nova).
   -> Procesadas 300 de 1500 alertas...

[ESTACIÓN MAGALLANES] Recibida alerta automática para: ZTF20aawiqwz
➤ Coordenadas ICRS : RA 305.77879 | Dec -2.46425

➤ INICIANDO PROTOCOLO EXTRAGALÁCTICO (Núcleo Galáctico Activo)

[1/3] 🌌 Buscando Galaxia Anfitriona / Entorno Extragaláctico (SIMBAD otypes.htx)...
   [-] No se identificó una entidad principal en las cercanías del evento.

[2/X] 🌈 Iniciando análisis térmico / fotométrico global...
   📡 Conectando a bases de datos globales (SIMBAD) para extraer bandas térmicas...
   [!] Catálogo fotométrico limitado. Generando perfil estándar...

[3/3] 🔭 Evaluación de Seguimiento para AGN...
   [+] Evento extragaláctico detectado en coordenadas RA 305.77879, Dec -2.46425.

   [📝] DOCUMENTO GENERADO: Circular guardada en 'alertas/CIRCULAR_ZTF20aawiqwz.txt'

[🚀] INICIANDO PROTOCOLO DE ALERTA COMUNITARIA PARA ZTF20aawiqwz (AGN)
   [+] ¡Megáfono encendido! Telegrama/Alerta oficial generado en: alertas_comunidad/ALERTA_ATEL_ZTF20aawiqwz.txt

=== PIPELINE AUTOMÁTICO DE LABORATORIO COMPLETADO ===
Candidato ZTF20aawiqwz procesado exitosamente (QSO).

[ESTACIÓN MAGALLANES] Recibida alerta automática para: ZTF18abnufbg
➤ Coordenadas ICRS : RA 304.62567 | Dec -2.49535

➤ INICIANDO PROTOCOLO ESTELAR LOCAL (NOVA)

[1/4] 📡 Consultando NASA Exoplanet Archive...
   [-] No se registran exoplanetas confirmados en sistemas planetarios.

[2/X] 🌈 Iniciando análisis térmico / fotométrico global...
   📡 Conectando a bases de datos globales (SIMBAD) para extraer bandas térmicas...
   [!] Catálogo fotométrico limitado. Generando perfil estándar...

[3/4] 🔬 Iniciando espectroscopía de alta resolución (H-alfa) para ZTF18abnufbg...
   [-] No hay datos de archivo de alta resolución para esta coordenada específica.

[4/4] 🔭 Evaluación de Viabilidad Observacional para ZTF18abnufbg...

   [📝] DOCUMENTO GENERADO: Circular guardada en 'alertas/CIRCULAR_ZTF18abnufbg.txt'

[🚀] INICIANDO PROTOCOLO DE ALERTA COMUNITARIA PARA ZTF18abnufbg (NOVA)
   [+] ¡Megáfono encendido! Telegrama/Alerta oficial generado en: alertas_comunidad/ALERTA_ATEL_ZTF18abnufbg.txt

=== PIPELINE AUTOMÁTICO DE LABORATORIO COMPLETADO ===
Candidato ZTF18abnufbg procesado exitosamente (CV/Nova).
   -> Procesadas 350 de 1500 alertas...

[ESTACIÓN MAGALLANES] Recibida alerta automática para: ZTF18abmfmnq
➤ Coordenadas ICRS : RA 305.07131 | Dec -0.50027

➤ INICIANDO PROTOCOLO ESTELAR LOCAL (NOVA)

[1/4] 📡 Consultando NASA Exoplanet Archive...
   [-] No se registran exoplanetas confirmados en sistemas planetarios.

[2/X] 🌈 Iniciando análisis térmico / fotométrico global...
   📡 Conectando a bases de datos globales (SIMBAD) para extraer bandas térmicas...
   [!] Catálogo fotométrico limitado. Generando perfil estándar...

[3/4] 🔬 Iniciando espectroscopía de alta resolución (H-alfa) para ZTF18abmfmnq...
   [-] Error procesando módulo espectroscópico: 503 Server Error: Service Unavailable for url: https://skyserver.sdss.org/dr17/en/tools/search/X_Results.aspx

[4/4] 🔭 Evaluación de Viabilidad Observacional para ZTF18abmfmnq...

   [📝] DOCUMENTO GENERADO: Circular guardada en 'alertas/CIRCULAR_ZTF18abmfmnq.txt'

[🚀] INICIANDO PROTOCOLO DE ALERTA COMUNITARIA PARA ZTF18abmfmnq (NOVA)
   [+] ¡Megáfono encendido! Telegrama/Alerta oficial generado en: alertas_comunidad/ALERTA_ATEL_ZTF18abmfmnq.txt

=== PIPELINE AUTOMÁTICO DE LABORATORIO COMPLETADO ===
Candidato ZTF18abmfmnq procesado exitosamente (CV/Nova).
   -> Procesadas 400 de 1500 alertas...

[ESTACIÓN MAGALLANES] Recibida alerta automática para: ZTF18abssrbs
➤ Coordenadas ICRS : RA 308.75617 | Dec -0.32955

➤ INICIANDO PROTOCOLO ESTELAR LOCAL (NOVA)

[1/4] 📡 Consultando NASA Exoplanet Archive...
   [-] No se registran exoplanetas confirmados en sistemas planetarios.

[2/X] 🌈 Iniciando análisis térmico / fotométrico global...
   📡 Conectando a bases de datos globales (SIMBAD) para extraer bandas térmicas...
   [!] Catálogo fotométrico limitado. Generando perfil estándar...

[3/4] 🔬 Iniciando espectroscopía de alta resolución (H-alfa) para ZTF18abssrbs...
   [-] No hay datos de archivo de alta resolución para esta coordenada específica.

[4/4] 🔭 Evaluación de Viabilidad Observacional para ZTF18abssrbs...

   [📝] DOCUMENTO GENERADO: Circular guardada en 'alertas/CIRCULAR_ZTF18abssrbs.txt'

[🚀] INICIANDO PROTOCOLO DE ALERTA COMUNITARIA PARA ZTF18abssrbs (NOVA)
   [+] ¡Megáfono encendido! Telegrama/Alerta oficial generado en: alertas_comunidad/ALERTA_ATEL_ZTF18abssrbs.txt

=== PIPELINE AUTOMÁTICO DE LABORATORIO COMPLETADO ===
Candidato ZTF18abssrbs procesado exitosamente (CV/Nova).
   -> Procesadas 450 de 1500 alertas...

[ESTACIÓN MAGALLANES] Recibida alerta automática para: ZTF18abmfmoe
➤ Coordenadas ICRS : RA 303.76002 | Dec -0.48312

➤ INICIANDO PROTOCOLO ESTELAR LOCAL (NOVA)

[1/4] 📡 Consultando NASA Exoplanet Archive...
   [-] No se registran exoplanetas confirmados en sistemas planetarios.

[2/X] 🌈 Iniciando análisis térmico / fotométrico global...
   📡 Conectando a bases de datos globales (SIMBAD) para extraer bandas térmicas...
   [!] Catálogo fotométrico limitado. Generando perfil estándar...

[3/4] 🔬 Iniciando espectroscopía de alta resolución (H-alfa) para ZTF18abmfmoe...
   [-] No hay datos de archivo de alta resolución para esta coordenada específica.

[4/4] 🔭 Evaluación de Viabilidad Observacional para ZTF18abmfmoe...

   [📝] DOCUMENTO GENERADO: Circular guardada en 'alertas/CIRCULAR_ZTF18abmfmoe.txt'

[🚀] INICIANDO PROTOCOLO DE ALERTA COMUNITARIA PARA ZTF18abmfmoe (NOVA)
   [+] ¡Megáfono encendido! Telegrama/Alerta oficial generado en: alertas_comunidad/ALERTA_ATEL_ZTF18abmfmoe.txt

=== PIPELINE AUTOMÁTICO DE LABORATORIO COMPLETADO ===
Candidato ZTF18abmfmoe procesado exitosamente (CV/Nova).

[ESTACIÓN MAGALLANES] Recibida alerta automática para: ZTF18abtvhax
➤ Coordenadas ICRS : RA 302.52971 | Dec -4.09470

➤ INICIANDO PROTOCOLO ESTELAR LOCAL (NOVA)

[1/4] 📡 Consultando NASA Exoplanet Archive...
   [-] No se registran exoplanetas confirmados en sistemas planetarios.

[2/X] 🌈 Iniciando análisis térmico / fotométrico global...
   📡 Conectando a bases de datos globales (SIMBAD) para extraer bandas térmicas...
   [!] Catálogo fotométrico limitado. Generando perfil estándar...

[3/4] 🔬 Iniciando espectroscopía de alta resolución (H-alfa) para ZTF18abtvhax...
   [-] Error procesando módulo espectroscópico: Number of header columns (1) inconsistent with data columns in data line 13

[4/4] 🔭 Evaluación de Viabilidad Observacional para ZTF18abtvhax...

   [📝] DOCUMENTO GENERADO: Circular guardada en 'alertas/CIRCULAR_ZTF18abtvhax.txt'

[🚀] INICIANDO PROTOCOLO DE ALERTA COMUNITARIA PARA ZTF18abtvhax (NOVA)
   [+] ¡Megáfono encendido! Telegrama/Alerta oficial generado en: alertas_comunidad/ALERTA_ATEL_ZTF18abtvhax.txt

=== PIPELINE AUTOMÁTICO DE LABORATORIO COMPLETADO ===
Candidato ZTF18abtvhax procesado exitosamente (CV/Nova).
   -> Procesadas 500 de 1500 alertas...

[ESTACIÓN MAGALLANES] Recibida alerta automática para: ZTF18abnuexr
➤ Coordenadas ICRS : RA 307.05020 | Dec -3.13631

➤ INICIANDO PROTOCOLO EXTRAGALÁCTICO (Búsqueda de Galaxia Anfitriona)

[1/3] 🌌 Buscando Galaxia Anfitriona / Entorno Extragaláctico (SIMBAD otypes.htx)...
   [+] Entidad Extragaláctica identificada: PSO J307.0472-03.1358 (Tipo SIMBAD: G) | Redshift: Desconocido

[2/X] 🌈 Iniciando análisis térmico / fotométrico global...
   📡 Conectando a bases de datos globales (SIMBAD) para extraer bandas térmicas...
   [!] Catálogo fotométrico limitado. Generando perfil estándar...

[3/3] 🔭 Evaluación de Seguimiento para SUPERNOVA...
   [+] Evento extragaláctico detectado en coordenadas RA 307.05020, Dec -3.13631.

   [📝] DOCUMENTO GENERADO: Circular guardada en 'alertas/CIRCULAR_ZTF18abnuexr.txt'

[🚀] INICIANDO PROTOCOLO DE ALERTA COMUNITARIA PARA ZTF18abnuexr (SUPERNOVA)
   [+] ¡Megáfono encendido! Telegrama/Alerta oficial generado en: alertas_comunidad/ALERTA_ATEL_ZTF18abnuexr.txt

=== PIPELINE AUTOMÁTICO DE LABORATORIO COMPLETADO ===
Candidato ZTF18abnuexr procesado exitosamente (SNII).
   -> Procesadas 550 de 1500 alertas...
   -> Procesadas 600 de 1500 alertas...

[ESTACIÓN MAGALLANES] Recibida alerta automática para: ZTF18abnmtwb
➤ Coordenadas ICRS : RA 303.04675 | Dec -7.70432

➤ INICIANDO PROTOCOLO ESTELAR LOCAL (NOVA)

[1/4] 📡 Consultando NASA Exoplanet Archive...
   [-] No se registran exoplanetas confirmados en sistemas planetarios.

[2/X] 🌈 Iniciando análisis térmico / fotométrico global...
   📡 Conectando a bases de datos globales (SIMBAD) para extraer bandas térmicas...
   [!] Catálogo fotométrico limitado. Generando perfil estándar...

[3/4] 🔬 Iniciando espectroscopía de alta resolución (H-alfa) para ZTF18abnmtwb...
   [-] No hay datos de archivo de alta resolución para esta coordenada específica.

[4/4] 🔭 Evaluación de Viabilidad Observacional para ZTF18abnmtwb...

   [📝] DOCUMENTO GENERADO: Circular guardada en 'alertas/CIRCULAR_ZTF18abnmtwb.txt'

[🚀] INICIANDO PROTOCOLO DE ALERTA COMUNITARIA PARA ZTF18abnmtwb (NOVA)
   [+] ¡Megáfono encendido! Telegrama/Alerta oficial generado en: alertas_comunidad/ALERTA_ATEL_ZTF18abnmtwb.txt

=== PIPELINE AUTOMÁTICO DE LABORATORIO COMPLETADO ===
Candidato ZTF18abnmtwb procesado exitosamente (CV/Nova).

[ESTACIÓN MAGALLANES] Recibida alerta automática para: ZTF18abobpky
➤ Coordenadas ICRS : RA 299.03665 | Dec -12.53994

➤ INICIANDO PROTOCOLO ESTELAR LOCAL (NOVA)

[1/4] 📡 Consultando NASA Exoplanet Archive...
   [-] No se registran exoplanetas confirmados en sistemas planetarios.

[2/X] 🌈 Iniciando análisis térmico / fotométrico global...
   📡 Conectando a bases de datos globales (SIMBAD) para extraer bandas térmicas...
   [!] Catálogo fotométrico limitado. Generando perfil estándar...

[3/4] 🔬 Iniciando espectroscopía de alta resolución (H-alfa) para ZTF18abobpky...
   [-] No hay datos de archivo de alta resolución para esta coordenada específica.

[4/4] 🔭 Evaluación de Viabilidad Observacional para ZTF18abobpky...

   [📝] DOCUMENTO GENERADO: Circular guardada en 'alertas/CIRCULAR_ZTF18abobpky.txt'

[🚀] INICIANDO PROTOCOLO DE ALERTA COMUNITARIA PARA ZTF18abobpky (NOVA)
   [+] ¡Megáfono encendido! Telegrama/Alerta oficial generado en: alertas_comunidad/ALERTA_ATEL_ZTF18abobpky.txt

=== PIPELINE AUTOMÁTICO DE LABORATORIO COMPLETADO ===
Candidato ZTF18abobpky procesado exitosamente (CV/Nova).
   -> Procesadas 650 de 1500 alertas...

[ESTACIÓN MAGALLANES] Recibida alerta automática para: ZTF18abobpmt
➤ Coordenadas ICRS : RA 298.28463 | Dec -11.07850

➤ INICIANDO PROTOCOLO ESTELAR LOCAL (NOVA)

[1/4] 📡 Consultando NASA Exoplanet Archive...
   [-] No se registran exoplanetas confirmados en sistemas planetarios.

[2/X] 🌈 Iniciando análisis térmico / fotométrico global...
   📡 Conectando a bases de datos globales (SIMBAD) para extraer bandas térmicas...
   [!] Catálogo fotométrico limitado. Generando perfil estándar...

[3/4] 🔬 Iniciando espectroscopía de alta resolución (H-alfa) para ZTF18abobpmt...
   [-] No hay datos de archivo de alta resolución para esta coordenada específica.

[4/4] 🔭 Evaluación de Viabilidad Observacional para ZTF18abobpmt...

   [📝] DOCUMENTO GENERADO: Circular guardada en 'alertas/CIRCULAR_ZTF18abobpmt.txt'

[🚀] INICIANDO PROTOCOLO DE ALERTA COMUNITARIA PARA ZTF18abobpmt (NOVA)
   [+] ¡Megáfono encendido! Telegrama/Alerta oficial generado en: alertas_comunidad/ALERTA_ATEL_ZTF18abobpmt.txt

=== PIPELINE AUTOMÁTICO DE LABORATORIO COMPLETADO ===
Candidato ZTF18abobpmt procesado exitosamente (CV/Nova).
   -> Procesadas 700 de 1500 alertas...

[ESTACIÓN MAGALLANES] Recibida alerta automática para: ZTF18abobprl
➤ Coordenadas ICRS : RA 299.21584 | Dec -10.88736

➤ INICIANDO PROTOCOLO ESTELAR LOCAL (NOVA)

[1/4] 📡 Consultando NASA Exoplanet Archive...
   [-] No se registran exoplanetas confirmados en sistemas planetarios.

[2/X] 🌈 Iniciando análisis térmico / fotométrico global...
   📡 Conectando a bases de datos globales (SIMBAD) para extraer bandas térmicas...
   [!] Catálogo fotométrico limitado. Generando perfil estándar...

[3/4] 🔬 Iniciando espectroscopía de alta resolución (H-alfa) para ZTF18abobprl...
   [-] Error procesando módulo espectroscópico: Number of header columns (1) inconsistent with data columns in data line 13

[4/4] 🔭 Evaluación de Viabilidad Observacional para ZTF18abobprl...

   [📝] DOCUMENTO GENERADO: Circular guardada en 'alertas/CIRCULAR_ZTF18abobprl.txt'

[🚀] INICIANDO PROTOCOLO DE ALERTA COMUNITARIA PARA ZTF18abobprl (NOVA)
   [+] ¡Megáfono encendido! Telegrama/Alerta oficial generado en: alertas_comunidad/ALERTA_ATEL_ZTF18abobprl.txt

=== PIPELINE AUTOMÁTICO DE LABORATORIO COMPLETADO ===
Candidato ZTF18abobprl procesado exitosamente (CV/Nova).

[ESTACIÓN MAGALLANES] Recibida alerta automática para: ZTF18abnmtlg
➤ Coordenadas ICRS : RA 304.15320 | Dec -10.51673

➤ INICIANDO PROTOCOLO ESTELAR LOCAL (NOVA)

[1/4] 📡 Consultando NASA Exoplanet Archive...
   [-] No se registran exoplanetas confirmados en sistemas planetarios.

[2/X] 🌈 Iniciando análisis térmico / fotométrico global...
   📡 Conectando a bases de datos globales (SIMBAD) para extraer bandas térmicas...
   [!] Catálogo fotométrico limitado. Generando perfil estándar...

[3/4] 🔬 Iniciando espectroscopía de alta resolución (H-alfa) para ZTF18abnmtlg...
   [-] Error procesando módulo espectroscópico: 503 Server Error: Service Unavailable for url: https://skyserver.sdss.org/dr17/en/tools/search/X_Results.aspx

[4/4] 🔭 Evaluación de Viabilidad Observacional para ZTF18abnmtlg...

   [📝] DOCUMENTO GENERADO: Circular guardada en 'alertas/CIRCULAR_ZTF18abnmtlg.txt'

[🚀] INICIANDO PROTOCOLO DE ALERTA COMUNITARIA PARA ZTF18abnmtlg (NOVA)
   [+] ¡Megáfono encendido! Telegrama/Alerta oficial generado en: alertas_comunidad/ALERTA_ATEL_ZTF18abnmtlg.txt

=== PIPELINE AUTOMÁTICO DE LABORATORIO COMPLETADO ===
Candidato ZTF18abnmtlg procesado exitosamente (CV/Nova).

[ESTACIÓN MAGALLANES] Recibida alerta automática para: ZTF18abrxqkx
➤ Coordenadas ICRS : RA 303.31955 | Dec -6.80828

➤ INICIANDO PROTOCOLO ESTELAR LOCAL (NOVA)

[1/4] 📡 Consultando NASA Exoplanet Archive...
   [-] No se registran exoplanetas confirmados en sistemas planetarios.

[2/X] 🌈 Iniciando análisis térmico / fotométrico global...
   📡 Conectando a bases de datos globales (SIMBAD) para extraer bandas térmicas...
   [!] Catálogo fotométrico limitado. Generando perfil estándar...

[3/4] 🔬 Iniciando espectroscopía de alta resolución (H-alfa) para ZTF18abrxqkx...
   [-] Error procesando módulo espectroscópico: Number of header columns (1) inconsistent with data columns in data line 13

[4/4] 🔭 Evaluación de Viabilidad Observacional para ZTF18abrxqkx...

   [📝] DOCUMENTO GENERADO: Circular guardada en 'alertas/CIRCULAR_ZTF18abrxqkx.txt'

[🚀] INICIANDO PROTOCOLO DE ALERTA COMUNITARIA PARA ZTF18abrxqkx (NOVA)
   [+] ¡Megáfono encendido! Telegrama/Alerta oficial generado en: alertas_comunidad/ALERTA_ATEL_ZTF18abrxqkx.txt

=== PIPELINE AUTOMÁTICO DE LABORATORIO COMPLETADO ===
Candidato ZTF18abrxqkx procesado exitosamente (CV/Nova).
   -> Procesadas 750 de 1500 alertas...
   -> Procesadas 800 de 1500 alertas...

[ESTACIÓN MAGALLANES] Recibida alerta automática para: ZTF18abobpps
➤ Coordenadas ICRS : RA 303.19520 | Dec -7.18489

➤ INICIANDO PROTOCOLO ESTELAR LOCAL (NOVA)

[1/4] 📡 Consultando NASA Exoplanet Archive...
   [-] No se registran exoplanetas confirmados en sistemas planetarios.

[2/X] 🌈 Iniciando análisis térmico / fotométrico global...
   📡 Conectando a bases de datos globales (SIMBAD) para extraer bandas térmicas...
   [!] Catálogo fotométrico limitado. Generando perfil estándar...

[3/4] 🔬 Iniciando espectroscopía de alta resolución (H-alfa) para ZTF18abobpps...
   [-] No hay datos de archivo de alta resolución para esta coordenada específica.

[4/4] 🔭 Evaluación de Viabilidad Observacional para ZTF18abobpps...

   [📝] DOCUMENTO GENERADO: Circular guardada en 'alertas/CIRCULAR_ZTF18abobpps.txt'

[🚀] INICIANDO PROTOCOLO DE ALERTA COMUNITARIA PARA ZTF18abobpps (NOVA)
   [+] ¡Megáfono encendido! Telegrama/Alerta oficial generado en: alertas_comunidad/ALERTA_ATEL_ZTF18abobpps.txt

=== PIPELINE AUTOMÁTICO DE LABORATORIO COMPLETADO ===
Candidato ZTF18abobpps procesado exitosamente (CV/Nova).

[ESTACIÓN MAGALLANES] Recibida alerta automática para: ZTF18abobpip
➤ Coordenadas ICRS : RA 299.61807 | Dec -7.48354

➤ INICIANDO PROTOCOLO ESTELAR LOCAL (NOVA)

[1/4] 📡 Consultando NASA Exoplanet Archive...
   [-] No se registran exoplanetas confirmados en sistemas planetarios.

[2/X] 🌈 Iniciando análisis térmico / fotométrico global...
   📡 Conectando a bases de datos globales (SIMBAD) para extraer bandas térmicas...
   [!] Catálogo fotométrico limitado. Generando perfil estándar...

[3/4] 🔬 Iniciando espectroscopía de alta resolución (H-alfa) para ZTF18abobpip...
   [-] No hay datos de archivo de alta resolución para esta coordenada específica.

[4/4] 🔭 Evaluación de Viabilidad Observacional para ZTF18abobpip...

   [📝] DOCUMENTO GENERADO: Circular guardada en 'alertas/CIRCULAR_ZTF18abobpip.txt'

[🚀] INICIANDO PROTOCOLO DE ALERTA COMUNITARIA PARA ZTF18abobpip (NOVA)
   [+] ¡Megáfono encendido! Telegrama/Alerta oficial generado en: alertas_comunidad/ALERTA_ATEL_ZTF18abobpip.txt

=== PIPELINE AUTOMÁTICO DE LABORATORIO COMPLETADO ===
Candidato ZTF18abobpip procesado exitosamente (CV/Nova).

[ESTACIÓN MAGALLANES] Recibida alerta automática para: ZTF18abmfmjk
➤ Coordenadas ICRS : RA 304.19607 | Dec -8.60153

➤ INICIANDO PROTOCOLO ESTELAR LOCAL (NOVA)

[1/4] 📡 Consultando NASA Exoplanet Archive...
   [-] No se registran exoplanetas confirmados en sistemas planetarios.

[2/X] 🌈 Iniciando análisis térmico / fotométrico global...
   📡 Conectando a bases de datos globales (SIMBAD) para extraer bandas térmicas...
   [!] Catálogo fotométrico limitado. Generando perfil estándar...

[3/4] 🔬 Iniciando espectroscopía de alta resolución (H-alfa) para ZTF18abmfmjk...
   [-] No hay datos de archivo de alta resolución para esta coordenada específica.

[4/4] 🔭 Evaluación de Viabilidad Observacional para ZTF18abmfmjk...

   [📝] DOCUMENTO GENERADO: Circular guardada en 'alertas/CIRCULAR_ZTF18abmfmjk.txt'

[🚀] INICIANDO PROTOCOLO DE ALERTA COMUNITARIA PARA ZTF18abmfmjk (NOVA)
   [+] ¡Megáfono encendido! Telegrama/Alerta oficial generado en: alertas_comunidad/ALERTA_ATEL_ZTF18abmfmjk.txt

=== PIPELINE AUTOMÁTICO DE LABORATORIO COMPLETADO ===
Candidato ZTF18abmfmjk procesado exitosamente (CV/Nova).
   -> Procesadas 850 de 1500 alertas...

[ESTACIÓN MAGALLANES] Recibida alerta automática para: ZTF18abmqtzk
➤ Coordenadas ICRS : RA 300.34280 | Dec -8.28391

➤ INICIANDO PROTOCOLO ESTELAR LOCAL (NOVA)

[1/4] 📡 Consultando NASA Exoplanet Archive...
   [-] No se registran exoplanetas confirmados en sistemas planetarios.

[2/X] 🌈 Iniciando análisis térmico / fotométrico global...
   📡 Conectando a bases de datos globales (SIMBAD) para extraer bandas térmicas...
   [!] Catálogo fotométrico limitado. Generando perfil estándar...

[3/4] 🔬 Iniciando espectroscopía de alta resolución (H-alfa) para ZTF18abmqtzk...
   [-] No hay datos de archivo de alta resolución para esta coordenada específica.

[4/4] 🔭 Evaluación de Viabilidad Observacional para ZTF18abmqtzk...

   [📝] DOCUMENTO GENERADO: Circular guardada en 'alertas/CIRCULAR_ZTF18abmqtzk.txt'

[🚀] INICIANDO PROTOCOLO DE ALERTA COMUNITARIA PARA ZTF18abmqtzk (NOVA)
   [+] ¡Megáfono encendido! Telegrama/Alerta oficial generado en: alertas_comunidad/ALERTA_ATEL_ZTF18abmqtzk.txt

=== PIPELINE AUTOMÁTICO DE LABORATORIO COMPLETADO ===
Candidato ZTF18abmqtzk procesado exitosamente (CV/Nova).

[ESTACIÓN MAGALLANES] Recibida alerta automática para: ZTF19aaxhzly
➤ Coordenadas ICRS : RA 298.43574 | Dec -11.33350

➤ INICIANDO PROTOCOLO EXTRAGALÁCTICO (Búsqueda de Galaxia Anfitriona)

[1/3] 🌌 Buscando Galaxia Anfitriona / Entorno Extragaláctico (SIMBAD otypes.htx)...
   [-] No se identificó una entidad principal en las cercanías del evento.

[2/X] 🌈 Iniciando análisis térmico / fotométrico global...
   📡 Conectando a bases de datos globales (SIMBAD) para extraer bandas térmicas...
   [!] Catálogo fotométrico limitado. Generando perfil estándar...

[3/3] 🔭 Evaluación de Seguimiento para SUPERNOVA...
   [+] Evento extragaláctico detectado en coordenadas RA 298.43574, Dec -11.33350.

   [📝] DOCUMENTO GENERADO: Circular guardada en 'alertas/CIRCULAR_ZTF19aaxhzly.txt'

[🚀] INICIANDO PROTOCOLO DE ALERTA COMUNITARIA PARA ZTF19aaxhzly (SUPERNOVA)
   [+] ¡Megáfono encendido! Telegrama/Alerta oficial generado en: alertas_comunidad/ALERTA_ATEL_ZTF19aaxhzly.txt

=== PIPELINE AUTOMÁTICO DE LABORATORIO COMPLETADO ===
Candidato ZTF19aaxhzly procesado exitosamente (SNII).
   -> Procesadas 900 de 1500 alertas...

[ESTACIÓN MAGALLANES] Recibida alerta automática para: ZTF18abmqufl
➤ Coordenadas ICRS : RA 303.14093 | Dec -6.45002

➤ INICIANDO PROTOCOLO ESTELAR LOCAL (NOVA)

[1/4] 📡 Consultando NASA Exoplanet Archive...
   [-] No se registran exoplanetas confirmados en sistemas planetarios.

[2/X] 🌈 Iniciando análisis térmico / fotométrico global...
   📡 Conectando a bases de datos globales (SIMBAD) para extraer bandas térmicas...
   [!] Catálogo fotométrico limitado. Generando perfil estándar...

[3/4] 🔬 Iniciando espectroscopía de alta resolución (H-alfa) para ZTF18abmqufl...
   [-] No hay datos de archivo de alta resolución para esta coordenada específica.

[4/4] 🔭 Evaluación de Viabilidad Observacional para ZTF18abmqufl...

   [📝] DOCUMENTO GENERADO: Circular guardada en 'alertas/CIRCULAR_ZTF18abmqufl.txt'

[🚀] INICIANDO PROTOCOLO DE ALERTA COMUNITARIA PARA ZTF18abmqufl (NOVA)
   [+] ¡Megáfono encendido! Telegrama/Alerta oficial generado en: alertas_comunidad/ALERTA_ATEL_ZTF18abmqufl.txt

=== PIPELINE AUTOMÁTICO DE LABORATORIO COMPLETADO ===
Candidato ZTF18abmqufl procesado exitosamente (CV/Nova).

[ESTACIÓN MAGALLANES] Recibida alerta automática para: ZTF18abnmtnv
➤ Coordenadas ICRS : RA 304.33846 | Dec -11.19676

➤ INICIANDO PROTOCOLO ESTELAR LOCAL (NOVA)

[1/4] 📡 Consultando NASA Exoplanet Archive...
   [-] No se registran exoplanetas confirmados en sistemas planetarios.

[2/X] 🌈 Iniciando análisis térmico / fotométrico global...
   📡 Conectando a bases de datos globales (SIMBAD) para extraer bandas térmicas...
   [!] Catálogo fotométrico limitado. Generando perfil estándar...

[3/4] 🔬 Iniciando espectroscopía de alta resolución (H-alfa) para ZTF18abnmtnv...
   [-] No hay datos de archivo de alta resolución para esta coordenada específica.

[4/4] 🔭 Evaluación de Viabilidad Observacional para ZTF18abnmtnv...

   [📝] DOCUMENTO GENERADO: Circular guardada en 'alertas/CIRCULAR_ZTF18abnmtnv.txt'

[🚀] INICIANDO PROTOCOLO DE ALERTA COMUNITARIA PARA ZTF18abnmtnv (NOVA)
   [+] ¡Megáfono encendido! Telegrama/Alerta oficial generado en: alertas_comunidad/ALERTA_ATEL_ZTF18abnmtnv.txt

=== PIPELINE AUTOMÁTICO DE LABORATORIO COMPLETADO ===
Candidato ZTF18abnmtnv procesado exitosamente (CV/Nova).
   -> Procesadas 950 de 1500 alertas...

[ESTACIÓN MAGALLANES] Recibida alerta automática para: ZTF18abnmuii
➤ Coordenadas ICRS : RA 305.38277 | Dec -7.40903

➤ INICIANDO PROTOCOLO ESTELAR LOCAL (NOVA)

[1/4] 📡 Consultando NASA Exoplanet Archive...
   [-] No se registran exoplanetas confirmados en sistemas planetarios.

[2/X] 🌈 Iniciando análisis térmico / fotométrico global...
   📡 Conectando a bases de datos globales (SIMBAD) para extraer bandas térmicas...
   [!] Catálogo fotométrico limitado. Generando perfil estándar...

[3/4] 🔬 Iniciando espectroscopía de alta resolución (H-alfa) para ZTF18abnmuii...
   [-] No hay datos de archivo de alta resolución para esta coordenada específica.

[4/4] 🔭 Evaluación de Viabilidad Observacional para ZTF18abnmuii...

   [📝] DOCUMENTO GENERADO: Circular guardada en 'alertas/CIRCULAR_ZTF18abnmuii.txt'

[🚀] INICIANDO PROTOCOLO DE ALERTA COMUNITARIA PARA ZTF18abnmuii (NOVA)
   [+] ¡Megáfono encendido! Telegrama/Alerta oficial generado en: alertas_comunidad/ALERTA_ATEL_ZTF18abnmuii.txt

=== PIPELINE AUTOMÁTICO DE LABORATORIO COMPLETADO ===
Candidato ZTF18abnmuii procesado exitosamente (CV/Nova).
   -> Procesadas 1000 de 1500 alertas...

[ESTACIÓN MAGALLANES] Recibida alerta automática para: ZTF21abbtezd
➤ Coordenadas ICRS : RA 301.87021 | Dec -8.58482

➤ INICIANDO PROTOCOLO EXTRAGALÁCTICO (Búsqueda de Galaxia Anfitriona)

[1/3] 🌌 Buscando Galaxia Anfitriona / Entorno Extragaláctico (SIMBAD otypes.htx)...
   [-] No se identificó una entidad principal en las cercanías del evento.

[2/X] 🌈 Iniciando análisis térmico / fotométrico global...
   📡 Conectando a bases de datos globales (SIMBAD) para extraer bandas térmicas...
   [!] Catálogo fotométrico limitado. Generando perfil estándar...

[3/3] 🔭 Evaluación de Seguimiento para SUPERNOVA...
   [+] Evento extragaláctico detectado en coordenadas RA 301.87021, Dec -8.58482.

   [📝] DOCUMENTO GENERADO: Circular guardada en 'alertas/CIRCULAR_ZTF21abbtezd.txt'

[🚀] INICIANDO PROTOCOLO DE ALERTA COMUNITARIA PARA ZTF21abbtezd (SUPERNOVA)
   [+] ¡Megáfono encendido! Telegrama/Alerta oficial generado en: alertas_comunidad/ALERTA_ATEL_ZTF21abbtezd.txt

=== PIPELINE AUTOMÁTICO DE LABORATORIO COMPLETADO ===
Candidato ZTF21abbtezd procesado exitosamente (SNIbc).
   -> Procesadas 1050 de 1500 alertas...
   -> Procesadas 1100 de 1500 alertas...

[ESTACIÓN MAGALLANES] Recibida alerta automática para: ZTF18abmqumx
➤ Coordenadas ICRS : RA 302.11630 | Dec -7.15301

➤ INICIANDO PROTOCOLO ESTELAR LOCAL (NOVA)

[1/4] 📡 Consultando NASA Exoplanet Archive...
   [-] No se registran exoplanetas confirmados en sistemas planetarios.

[2/X] 🌈 Iniciando análisis térmico / fotométrico global...
   📡 Conectando a bases de datos globales (SIMBAD) para extraer bandas térmicas...
   [!] Catálogo fotométrico limitado. Generando perfil estándar...

[3/4] 🔬 Iniciando espectroscopía de alta resolución (H-alfa) para ZTF18abmqumx...
   [-] Error procesando módulo espectroscópico: Number of header columns (1) inconsistent with data columns in data line 13

[4/4] 🔭 Evaluación de Viabilidad Observacional para ZTF18abmqumx...

   [📝] DOCUMENTO GENERADO: Circular guardada en 'alertas/CIRCULAR_ZTF18abmqumx.txt'

[🚀] INICIANDO PROTOCOLO DE ALERTA COMUNITARIA PARA ZTF18abmqumx (NOVA)
   [+] ¡Megáfono encendido! Telegrama/Alerta oficial generado en: alertas_comunidad/ALERTA_ATEL_ZTF18abmqumx.txt

=== PIPELINE AUTOMÁTICO DE LABORATORIO COMPLETADO ===
Candidato ZTF18abmqumx procesado exitosamente (CV/Nova).
   -> Procesadas 1150 de 1500 alertas...
   -> Procesadas 1200 de 1500 alertas...
   -> Procesadas 1250 de 1500 alertas...
   -> Procesadas 1300 de 1500 alertas...

[ESTACIÓN MAGALLANES] Recibida alerta automática para: ZTF19abbwlur
➤ Coordenadas ICRS : RA 296.22988 | Dec -21.72202

➤ INICIANDO PROTOCOLO EXTRAGALÁCTICO (Núcleo Galáctico Activo)

[1/3] 🌌 Buscando Galaxia Anfitriona / Entorno Extragaláctico (SIMBAD otypes.htx)...
   [+] Entidad Extragaláctica identificada: 2MASS J19445517-2143190 (Tipo SIMBAD: BLL) | Redshift: Desconocido

[2/X] 🌈 Iniciando análisis térmico / fotométrico global...
   📡 Conectando a bases de datos globales (SIMBAD) para extraer bandas térmicas...
   [!] Catálogo fotométrico limitado. Generando perfil estándar...

[3/3] 🔭 Evaluación de Seguimiento para AGN...
   [+] Evento extragaláctico detectado en coordenadas RA 296.22988, Dec -21.72202.

   [📝] DOCUMENTO GENERADO: Circular guardada en 'alertas/CIRCULAR_ZTF19abbwlur.txt'

[🚀] INICIANDO PROTOCOLO DE ALERTA COMUNITARIA PARA ZTF19abbwlur (AGN)
   [+] ¡Megáfono encendido! Telegrama/Alerta oficial generado en: alertas_comunidad/ALERTA_ATEL_ZTF19abbwlur.txt

=== PIPELINE AUTOMÁTICO DE LABORATORIO COMPLETADO ===
Candidato ZTF19abbwlur procesado exitosamente (Blazar).
   -> Procesadas 1350 de 1500 alertas...
   -> Procesadas 1400 de 1500 alertas...

[ESTACIÓN MAGALLANES] Recibida alerta automática para: ZTF19addfbai
➤ Coordenadas ICRS : RA 295.17608 | Dec -25.31570

➤ INICIANDO PROTOCOLO ESTELAR LOCAL (NOVA)

[1/4] 📡 Consultando NASA Exoplanet Archive...
   [-] No se registran exoplanetas confirmados en sistemas planetarios.

[2/X] 🌈 Iniciando análisis térmico / fotométrico global...
   📡 Conectando a bases de datos globales (SIMBAD) para extraer bandas térmicas...
   [!] Catálogo fotométrico limitado. Generando perfil estándar...

[3/4] 🔬 Iniciando espectroscopía de alta resolución (H-alfa) para ZTF19addfbai...
   [-] No hay datos de archivo de alta resolución para esta coordenada específica.

[4/4] 🔭 Evaluación de Viabilidad Observacional para ZTF19addfbai...

   [📝] DOCUMENTO GENERADO: Circular guardada en 'alertas/CIRCULAR_ZTF19addfbai.txt'

[🚀] INICIANDO PROTOCOLO DE ALERTA COMUNITARIA PARA ZTF19addfbai (NOVA)
   [+] ¡Megáfono encendido! Telegrama/Alerta oficial generado en: alertas_comunidad/ALERTA_ATEL_ZTF19addfbai.txt

=== PIPELINE AUTOMÁTICO DE LABORATORIO COMPLETADO ===
Candidato ZTF19addfbai procesado exitosamente (CV/Nova).
   -> Procesadas 1450 de 1500 alertas...

==================================================
APUNTANDO TELESCOPIO A RED: LSST
==================================================
APUNTANDO TELESCOPIO A RED: TNS_GLOBAL
Hemisferio: Sur (ASAS-SN / ATLAS) | Radar de Supernovas de la IAU
==================================================
¡Nueva Supernova detectada! Descargando ficha para SN 2026zu...

[🚀] INICIANDO PROTOCOLO DE ALERTA COMUNITARIA PARA SN 2026zu (SUPERNOVA)
   [+] ¡Megáfono encendido! Telegrama/Alerta oficial generado en: alertas_comunidad/ALERTA_ATEL_SN_2026zu.txt
Procesamiento completo y blindado para: SN 2026zu
¡Nueva Supernova detectada! Descargando ficha para SN 2026xg...

[🚀] INICIANDO PROTOCOLO DE ALERTA COMUNITARIA PARA SN 2026xg (SUPERNOVA)
   [+] ¡Megáfono encendido! Telegrama/Alerta oficial generado en: alertas_comunidad/ALERTA_ATEL_SN_2026xg.txt
Procesamiento completo y blindado para: SN 2026xg
¡Nueva Supernova detectada! Descargando ficha para SN 2026xb...

[🚀] INICIANDO PROTOCOLO DE ALERTA COMUNITARIA PARA SN 2026xb (SUPERNOVA)
   [+] ¡Megáfono encendido! Telegrama/Alerta oficial generado en: alertas_comunidad/ALERTA_ATEL_SN_2026xb.txt
Procesamiento completo y blindado para: SN 2026xb
¡Nueva Supernova detectada! Descargando ficha para SN 2026wgb...

[🚀] INICIANDO PROTOCOLO DE ALERTA COMUNITARIA PARA SN 2026wgb (SUPERNOVA)
   [+] ¡Megáfono encendido! Telegrama/Alerta oficial generado en: alertas_comunidad/ALERTA_ATEL_SN_2026wgb.txt
Procesamiento completo y blindado para: SN 2026wgb
¡Nueva Supernova detectada! Descargando ficha para SN 2026weo...

[🚀] INICIANDO PROTOCOLO DE ALERTA COMUNITARIA PARA SN 2026weo (SUPERNOVA)
   [+] ¡Megáfono encendido! Telegrama/Alerta oficial generado en: alertas_comunidad/ALERTA_ATEL_SN_2026weo.txt
Procesamiento completo y blindado para: SN 2026weo
¡Nueva Supernova detectada! Descargando ficha para SN 2026vy...

[🚀] INICIANDO PROTOCOLO DE ALERTA COMUNITARIA PARA SN 2026vy (SUPERNOVA)
   [+] ¡Megáfono encendido! Telegrama/Alerta oficial generado en: alertas_comunidad/ALERTA_ATEL_SN_2026vy.txt
Procesamiento completo y blindado para: SN 2026vy
¡Nueva Supernova detectada! Descargando ficha para SN 2026vts...

[🚀] INICIANDO PROTOCOLO DE ALERTA COMUNITARIA PARA SN 2026vts (SUPERNOVA)
   [+] ¡Megáfono encendido! Telegrama/Alerta oficial generado en: alertas_comunidad/ALERTA_ATEL_SN_2026vts.txt
Procesamiento completo y blindado para: SN 2026vts
¡Nueva Supernova detectada! Descargando ficha para SN 2026vsh...

[🚀] INICIANDO PROTOCOLO DE ALERTA COMUNITARIA PARA SN 2026vsh (SUPERNOVA)
   [+] ¡Megáfono encendido! Telegrama/Alerta oficial generado en: alertas_comunidad/ALERTA_ATEL_SN_2026vsh.txt
Procesamiento completo y blindado para: SN 2026vsh
¡Nueva Supernova detectada! Descargando ficha para SN 2026vhn...

[🚀] INICIANDO PROTOCOLO DE ALERTA COMUNITARIA PARA SN 2026vhn (SUPERNOVA)
   [+] ¡Megáfono encendido! Telegrama/Alerta oficial generado en: alertas_comunidad/ALERTA_ATEL_SN_2026vhn.txt
Procesamiento completo y blindado para: SN 2026vhn
¡Nueva Supernova detectada! Descargando ficha para SN 2026vhb...

[🚀] INICIANDO PROTOCOLO DE ALERTA COMUNITARIA PARA SN 2026vhb (SUPERNOVA)
   [+] ¡Megáfono encendido! Telegrama/Alerta oficial generado en: alertas_comunidad/ALERTA_ATEL_SN_2026vhb.txt
Procesamiento completo y blindado para: SN 2026vhb
¡Nueva Supernova detectada! Descargando ficha para SN 2026vfd...

[🚀] INICIANDO PROTOCOLO DE ALERTA COMUNITARIA PARA SN 2026vfd (SUPERNOVA)
   [+] ¡Megáfono encendido! Telegrama/Alerta oficial generado en: alertas_comunidad/ALERTA_ATEL_SN_2026vfd.txt
Procesamiento completo y blindado para: SN 2026vfd
¡Nueva Supernova detectada! Descargando ficha para SN 2026ves...

[🚀] INICIANDO PROTOCOLO DE ALERTA COMUNITARIA PARA SN 2026ves (SUPERNOVA)
   [+] ¡Megáfono encendido! Telegrama/Alerta oficial generado en: alertas_comunidad/ALERTA_ATEL_SN_2026ves.txt
Procesamiento completo y blindado para: SN 2026ves
¡Nueva Supernova detectada! Descargando ficha para SN 2026veg...

[🚀] INICIANDO PROTOCOLO DE ALERTA COMUNITARIA PARA SN 2026veg (SUPERNOVA)
   [+] ¡Megáfono encendido! Telegrama/Alerta oficial generado en: alertas_comunidad/ALERTA_ATEL_SN_2026veg.txt
Procesamiento completo y blindado para: SN 2026veg
¡Nueva Supernova detectada! Descargando ficha para SN 2026ved...

[🚀] INICIANDO PROTOCOLO DE ALERTA COMUNITARIA PARA SN 2026ved (SUPERNOVA)
   [+] ¡Megáfono encendido! Telegrama/Alerta oficial generado en: alertas_comunidad/ALERTA_ATEL_SN_2026ved.txt
Procesamiento completo y blindado para: SN 2026ved
¡Nueva Supernova detectada! Descargando ficha para SN 2026vec...

[🚀] INICIANDO PROTOCOLO DE ALERTA COMUNITARIA PARA SN 2026vec (SUPERNOVA)
   [+] ¡Megáfono encendido! Telegrama/Alerta oficial generado en: alertas_comunidad/ALERTA_ATEL_SN_2026vec.txt
Procesamiento completo y blindado para: SN 2026vec
¡Nueva Supernova detectada! Descargando ficha para SN 2026vdr...

[🚀] INICIANDO PROTOCOLO DE ALERTA COMUNITARIA PARA SN 2026vdr (SUPERNOVA)
   [+] ¡Megáfono encendido! Telegrama/Alerta oficial generado en: alertas_comunidad/ALERTA_ATEL_SN_2026vdr.txt
Procesamiento completo y blindado para: SN 2026vdr
¡Nueva Supernova detectada! Descargando ficha para SN 2026vd...

[🚀] INICIANDO PROTOCOLO DE ALERTA COMUNITARIA PARA SN 2026vd (SUPERNOVA)
   [+] ¡Megáfono encendido! Telegrama/Alerta oficial generado en: alertas_comunidad/ALERTA_ATEL_SN_2026vd.txt
Procesamiento completo y blindado para: SN 2026vd
¡Nueva Supernova detectada! Descargando ficha para SN 2026vbs...

[🚀] INICIANDO PROTOCOLO DE ALERTA COMUNITARIA PARA SN 2026vbs (SUPERNOVA)
   [+] ¡Megáfono encendido! Telegrama/Alerta oficial generado en: alertas_comunidad/ALERTA_ATEL_SN_2026vbs.txt
Procesamiento completo y blindado para: SN 2026vbs
¡Nueva Supernova detectada! Descargando ficha para SN 2026vbo...

[🚀] INICIANDO PROTOCOLO DE ALERTA COMUNITARIA PARA SN 2026vbo (SUPERNOVA)
   [+] ¡Megáfono encendido! Telegrama/Alerta oficial generado en: alertas_comunidad/ALERTA_ATEL_SN_2026vbo.txt
Procesamiento completo y blindado para: SN 2026vbo
¡Nueva Supernova detectada! Descargando ficha para SN 2026vbh...

[🚀] INICIANDO PROTOCOLO DE ALERTA COMUNITARIA PARA SN 2026vbh (SUPERNOVA)
   [+] ¡Megáfono encendido! Telegrama/Alerta oficial generado en: alertas_comunidad/ALERTA_ATEL_SN_2026vbh.txt
Procesamiento completo y blindado para: SN 2026vbh

=== PATRULLAJE COMPLETADO. MARCADOR DE TIEMPO GUARDADO: 61254.38449 ===
