[2026-07-22 09:06:20] 
==================================================
[2026-07-22 09:06:20] APUNTANDO TELESCOPIO A RED: LSST
[2026-07-22 09:06:20] Hemisferio: Sur (LSST) | 1500 Estrellas
[2026-07-22 09:06:20] ==================================================
[2026-07-22 09:06:20] 1. Descargando alertas estelares de LSST...
[2026-07-22 09:06:20] Error procesando la red LSST: Invalid parameter: stellar
[2026-07-23 09:02:36] 
==================================================
[2026-07-23 09:02:36] APUNTANDO TELESCOPIO A RED: LSST
[2026-07-23 09:02:36] Hemisferio: Sur (LSST) | 1500 Alertas (Filtro Taxonómico: Mdwarf-flare)
[2026-07-23 09:02:36] ==================================================
[2026-07-23 09:02:36] 1. Descargando alertas de LSST...
[2026-07-23 09:02:39] Error procesando la red LSST: {'Error code': 500, 'Message': 'An error occurred', 'Data': {}}
[2026-07-24 08:55:49] 
==================================================
[2026-07-24 08:55:49] APUNTANDO TELESCOPIO A RED: LSST
[2026-07-24 08:55:49] Hemisferio: Sur (LSST) | 1500 Alertas (Filtro Taxonómico: Mdwarf-flare)
[2026-07-24 08:55:49] ==================================================
[2026-07-24 08:55:49] 1. Descargando alertas de LSST...
[2026-07-24 08:55:51] Error procesando la red LSST: {'Error code': 500, 'Message': 'An error occurred', 'Data': {}}
[2026-07-25 10:07:11] 
==================================================
[2026-07-25 10:07:11] APUNTANDO TELESCOPIO A RED: LSST
[2026-07-25 10:07:11] Hemisferio: Sur (LSST) | 1500 Alertas (Filtro Taxonómico: Mdwarf-flare)
[2026-07-25 10:07:11] ==================================================
[2026-07-25 10:07:11] 1. Descargando alertas de LSST...
[2026-07-25 10:07:13] Error procesando la red LSST: {'Error code': 500, 'Message': 'An error occurred', 'Data': {}}
[2026-07-26 17:58:20] 
==================================================
[2026-07-26 17:58:20] APUNTANDO TELESCOPIO A RED: LSST
[2026-07-26 17:58:20] Hemisferio: Sur (LSST) | 1500 Alertas (Filtro Taxonómico: Mdwarf-flare)
[2026-07-26 17:58:20] ==================================================
[2026-07-26 17:58:20] 1. Descargando alertas de LSST...
[2026-07-26 17:58:22] Error procesando la red LSST: {'Error code': 500, 'Message': 'An error occurred', 'Data': {}}
[2026-07-27 08:54:23] 
==================================================
[2026-07-27 08:54:23] APUNTANDO TELESCOPIO A RED: LSST
[2026-07-27 08:54:23] Hemisferio: Sur (LSST) | 1500 Alertas (Filtro Taxonómico Abierto)
[2026-07-27 08:54:23] ==================================================
[2026-07-27 08:54:23] 1. Descargando alertas de LSST...
[2026-07-27 08:54:25] Sin alertas que coincidan con los filtros. (Red en silencio)
