=== CAZADOR DE FLARES v3.1 (Anti-Colapso de Servidor) ===
1. Descargando 1500 alertas estelares recientes...
2. Analizando la física de 1500 estrellas...
   -> Procesadas 50 de 1500 estrellas...
   -> Procesadas 100 de 1500 estrellas...
   -> Procesadas 150 de 1500 estrellas...
   -> Procesadas 200 de 1500 estrellas...
   -> Procesadas 250 de 1500 estrellas...
   -> Procesadas 300 de 1500 estrellas...
   -> Procesadas 350 de 1500 estrellas...
   -> Procesadas 400 de 1500 estrellas...
   -> Procesadas 450 de 1500 estrellas...
   -> Procesadas 500 de 1500 estrellas...
   -> Procesadas 550 de 1500 estrellas...
   -> Procesadas 600 de 1500 estrellas...
   -> Procesadas 650 de 1500 estrellas...
   -> Procesadas 700 de 1500 estrellas...
   -> Procesadas 750 de 1500 estrellas...
   -> Procesadas 800 de 1500 estrellas...
   -> Procesadas 850 de 1500 estrellas...
   -> Procesadas 900 de 1500 estrellas...
   -> Procesadas 950 de 1500 estrellas...
   -> Procesadas 1000 de 1500 estrellas...
   -> Procesadas 1050 de 1500 estrellas...
   -> Procesadas 1100 de 1500 estrellas...
   -> Procesadas 1150 de 1500 estrellas...
   -> Procesadas 1200 de 1500 estrellas...
   -> Procesadas 1250 de 1500 estrellas...
   -> Procesadas 1300 de 1500 estrellas...
   -> Procesadas 1350 de 1500 estrellas...
   -> Procesadas 1400 de 1500 estrellas...
   -> Procesadas 1450 de 1500 estrellas...

Las 1500 estrellas estuvieron tranquilas. Ningún flare superó los filtros.
=== INICIANDO CAZADOR DE FLARES v9.0 (Filtro IA & Escáner Químico) ===

==================================================
APUNTANDO TELESCOPIO A RED: ZTF
Hemisferio: Norte | 1500 Estrellas
==================================================
1. Descargando alertas estelares de ZTF...
2. Filtrando anomalías matemáticas en 1500 estrellas...
   -> Procesadas 50 de 1500 estrellas...
   -> Procesadas 100 de 1500 estrellas...
   -> Procesadas 150 de 1500 estrellas...
   -> Procesadas 200 de 1500 estrellas...
   -> Procesadas 250 de 1500 estrellas...
   -> Procesadas 300 de 1500 estrellas...
   -> Procesadas 350 de 1500 estrellas...
   -> Procesadas 400 de 1500 estrellas...
   -> Procesadas 450 de 1500 estrellas...
   -> Procesadas 500 de 1500 estrellas...
   -> Procesadas 550 de 1500 estrellas...
   -> Procesadas 600 de 1500 estrellas...
   -> Procesadas 650 de 1500 estrellas...
   -> Procesadas 700 de 1500 estrellas...
   -> Procesadas 750 de 1500 estrellas...
   -> Procesadas 800 de 1500 estrellas...
   -> Procesadas 850 de 1500 estrellas...
   -> Procesadas 900 de 1500 estrellas...
   -> Procesadas 950 de 1500 estrellas...
   -> Procesadas 1000 de 1500 estrellas...
   -> Procesadas 1050 de 1500 estrellas...
   -> Procesadas 1100 de 1500 estrellas...
   -> Procesadas 1150 de 1500 estrellas...
   -> Procesadas 1200 de 1500 estrellas...
   -> Procesadas 1250 de 1500 estrellas...
   -> Procesadas 1300 de 1500 estrellas...
   -> Procesadas 1350 de 1500 estrellas...
   -> Procesadas 1400 de 1500 estrellas...
   -> Procesadas 1450 de 1500 estrellas...
Ningún evento superó los filtros matemáticos y de IA en ZTF.

==================================================
APUNTANDO TELESCOPIO A RED: LSST
Hemisferio: Sur (LSST) | 1500 Estrellas
==================================================
1. Descargando alertas estelares de LSST...
Error procesando la red LSST: Invalid parameter: stellar
=== INICIANDO CAZADOR DE FLARES v9.1 (Parche Taxonómico LSST) ===

==================================================
APUNTANDO TELESCOPIO A RED: ZTF
Hemisferio: Norte | 1500 Estrellas (Filtro Fotométrico Clásico)
==================================================
1. Descargando alertas de ZTF...
2. Filtrando anomalías matemáticas en 1500 candidatos...
   -> Procesadas 50 de 1500 alertas...
   -> Procesadas 100 de 1500 alertas...
   -> Procesadas 150 de 1500 alertas...
   -> Procesadas 200 de 1500 alertas...
   -> Procesadas 250 de 1500 alertas...
   -> Procesadas 300 de 1500 alertas...
   -> Procesadas 350 de 1500 alertas...
   -> Procesadas 400 de 1500 alertas...
   -> Procesadas 450 de 1500 alertas...
   -> Procesadas 500 de 1500 alertas...
   -> Procesadas 550 de 1500 alertas...
   -> Procesadas 600 de 1500 alertas...
   -> Procesadas 650 de 1500 alertas...
   -> Procesadas 700 de 1500 alertas...
   -> Procesadas 750 de 1500 alertas...
   -> Procesadas 800 de 1500 alertas...
   -> Procesadas 850 de 1500 alertas...
   -> Procesadas 900 de 1500 alertas...
   -> Procesadas 950 de 1500 alertas...
   -> Procesadas 1000 de 1500 alertas...
   -> Procesadas 1050 de 1500 alertas...
   -> Procesadas 1100 de 1500 alertas...
   -> Procesadas 1150 de 1500 alertas...
   -> Procesadas 1200 de 1500 alertas...
   -> Procesadas 1250 de 1500 alertas...
   -> Procesadas 1300 de 1500 alertas...
   -> Procesadas 1350 de 1500 alertas...
   -> Procesadas 1400 de 1500 alertas...
   -> Procesadas 1450 de 1500 alertas...
Ningún evento superó los filtros matemáticos y de IA en ZTF.

==================================================
APUNTANDO TELESCOPIO A RED: LSST
Hemisferio: Sur (LSST) | 1500 Alertas (Filtro Taxonómico: Mdwarf-flare)
==================================================
1. Descargando alertas de LSST...
Error procesando la red LSST: {'Error code': 500, 'Message': 'An error occurred', 'Data': {}}
=== INICIANDO CAZADOR DE FLARES v9.1 (Parche Taxonómico LSST) ===

==================================================
APUNTANDO TELESCOPIO A RED: ZTF
Hemisferio: Norte | 1500 Estrellas (Filtro Fotométrico Clásico)
==================================================
1. Descargando alertas de ZTF...
2. Filtrando anomalías matemáticas en 1500 candidatos...
   -> Procesadas 50 de 1500 alertas...
   -> Procesadas 100 de 1500 alertas...
   -> Procesadas 150 de 1500 alertas...
   -> Procesadas 200 de 1500 alertas...
   -> Procesadas 250 de 1500 alertas...
   -> Procesadas 300 de 1500 alertas...
   -> Procesadas 350 de 1500 alertas...
   -> Procesadas 400 de 1500 alertas...
   -> Procesadas 450 de 1500 alertas...
   -> Procesadas 500 de 1500 alertas...
   -> Procesadas 550 de 1500 alertas...
   -> Procesadas 600 de 1500 alertas...
   -> Procesadas 650 de 1500 alertas...
   -> Procesadas 700 de 1500 alertas...
   -> Procesadas 750 de 1500 alertas...
   -> Procesadas 800 de 1500 alertas...
   -> Procesadas 850 de 1500 alertas...
   -> Procesadas 900 de 1500 alertas...
   -> Procesadas 950 de 1500 alertas...
   -> Procesadas 1000 de 1500 alertas...
   -> Procesadas 1050 de 1500 alertas...
   -> Procesadas 1100 de 1500 alertas...
   -> Procesadas 1150 de 1500 alertas...
   -> Procesadas 1200 de 1500 alertas...
   -> Procesadas 1250 de 1500 alertas...
   -> Procesadas 1300 de 1500 alertas...
   -> Procesadas 1350 de 1500 alertas...
   -> Procesadas 1400 de 1500 alertas...
   -> Procesadas 1450 de 1500 alertas...
Ningún evento superó los filtros matemáticos y de IA en ZTF.

==================================================
APUNTANDO TELESCOPIO A RED: LSST
Hemisferio: Sur (LSST) | 1500 Alertas (Filtro Taxonómico: Mdwarf-flare)
==================================================
1. Descargando alertas de LSST...
Error procesando la red LSST: {'Error code': 500, 'Message': 'An error occurred', 'Data': {}}
=== INICIANDO CAZADOR MULTIPROPÓSITO v10 (Fase 2) ===

==================================================
APUNTANDO TELESCOPIO A RED: ZTF
Hemisferio: Norte | 1500 Alertas (Filtro Taxonómico Abierto)
==================================================
1. Descargando alertas de ZTF...
2. Evaluando clasificaciones IA en 1500 candidatos...
   -> Procesadas 50 de 1500 alertas...
   -> Procesadas 100 de 1500 alertas...
   -> Procesadas 150 de 1500 alertas...
   -> Procesadas 200 de 1500 alertas...
   -> Procesadas 250 de 1500 alertas...
   -> Procesadas 300 de 1500 alertas...
   -> Procesadas 350 de 1500 alertas...
   -> Procesadas 400 de 1500 alertas...
   -> Procesadas 450 de 1500 alertas...
   -> Procesadas 500 de 1500 alertas...
   -> Procesadas 550 de 1500 alertas...
   -> Procesadas 600 de 1500 alertas...
   -> Procesadas 650 de 1500 alertas...
   -> Procesadas 700 de 1500 alertas...
   -> Procesadas 750 de 1500 alertas...
   -> Procesadas 800 de 1500 alertas...
   -> Procesadas 850 de 1500 alertas...
   -> Procesadas 900 de 1500 alertas...
   -> Procesadas 950 de 1500 alertas...
   -> Procesadas 1000 de 1500 alertas...
   -> Procesadas 1050 de 1500 alertas...
   -> Procesadas 1100 de 1500 alertas...
   -> Procesadas 1150 de 1500 alertas...
   -> Procesadas 1200 de 1500 alertas...
   -> Procesadas 1250 de 1500 alertas...
   -> Procesadas 1300 de 1500 alertas...
   -> Procesadas 1350 de 1500 alertas...
   -> Procesadas 1400 de 1500 alertas...
   -> Procesadas 1450 de 1500 alertas...

¡BINGO! EVENTO ESTELAR VERIFICADO POR IA EN ZTF
TIPO IDENTIFICADO: FLARE (Blazar)
Consultando catálogos de Gaia y SIMBAD para análisis físico y químico...
Reporte cartográfico guardado en: data/flare_PRO_ZTF18abrbhac_ZTF.png
Plantillas de comunicación básica guardadas.
Disparando pipeline de análisis profundo para ZTF18abrbhac...

[ESTACIÓN MAGALLANES] Recibida alerta automática para: No catalogada
➤ Coordenadas ICRS : RA 36.04931 | Dec 16.24956

➤ INICIANDO PROTOCOLO ESTELAR (Búsqueda de sistemas planetarios)

[1/4] 📡 Consultando NASA Exoplanet Archive...
   [-] No se registran exoplanetas confirmados en sistemas planetarios.

[2/X] 🌈 Iniciando análisis térmico / fotométrico global...
   📡 Conectando a bases de datos globales (SIMBAD) para extraer bandas térmicas...
   [!] Catálogo fotométrico limitado. Generando perfil estándar...

[3/4] 🔬 Iniciando espectroscopía de alta resolución (H-alfa) para RA36.05...
   [-] No hay datos de archivo de alta resolución para esta coordenada específica.

[4/4] 🔭 Evaluación de Viabilidad Observacional para RA36.05...

   [📝] DOCUMENTO GENERADO: Circular guardada en 'alertas/CIRCULAR_RA36.05.txt'

[🚀] INICIANDO PROTOCOLO DE ALERTA COMUNITARIA PARA RA36.05 (FLARE)
   [+] ¡Megáfono encendido! Telegrama/Alerta oficial generado en: alertas_comunidad/ALERTA_AAVSO_RA36.05.txt

=== PIPELINE AUTOMÁTICO DE LABORATORIO COMPLETADO ===
Análisis de laboratorio completado con éxito para ZTF18abrbhac.

==================================================
APUNTANDO TELESCOPIO A RED: LSST
Hemisferio: Sur (LSST) | 1500 Alertas (Filtro Taxonómico Abierto)
==================================================
1. Descargando alertas de LSST...
Sin alertas que coincidan con los filtros. (Red en silencio)
==================================================
APUNTANDO TELESCOPIO A RED: TNS_GLOBAL
Hemisferio: Sur (ASAS-SN / ATLAS) | Radar de Supernovas de la IAU
==================================================
1. Contactando servidor central del Transient Name Server...
Error procesando la red TNS_GLOBAL: Acceso denegado (403). Se requiere un Bot ID y API Key válidos de la IAU.
Modo de Respaldo: El cazador continuará operando con las redes ALeRCE.
=== INICIANDO CAZADOR MULTIPROPÓSITO v10 (Fase 2) ===

==================================================
APUNTANDO TELESCOPIO A RED: ZTF
Hemisferio: Norte | 1500 Alertas (Filtro Taxonómico Abierto)
==================================================
1. Descargando alertas de ZTF...
Error procesando la red ZTF: {'Error code': 504, 'Message': 'Unknown API error.', 'Data': 'Unknown API error.'}

==================================================
APUNTANDO TELESCOPIO A RED: LSST
Hemisferio: Sur (LSST) | 1500 Alertas (Filtro Taxonómico Abierto)
==================================================
1. Descargando alertas de LSST...
Sin alertas que coincidan con los filtros. (Red en silencio)
==================================================
APUNTANDO TELESCOPIO A RED: TNS_GLOBAL
Hemisferio: Sur (ASAS-SN / ATLAS) | Radar de Supernovas de la IAU
==================================================
1. Contactando servidor central del Transient Name Server...
Error procesando la red TNS_GLOBAL: Acceso denegado (403). Se requiere un Bot ID y API Key válidos de la IAU.
Modo de Respaldo: El cazador continuará operando con las redes ALeRCE.
Traceback (most recent call last):
  File "/home/edgardo/Escritorio/rubin_flare_hunter/hunter.py", line 16, in <module>
    from dotenv import load_dotenv
ModuleNotFoundError: No module named 'dotenv'
[main f6e8e157] Patrullaje automatico completado: 2026-07-29 08:30
 1 file changed, 4 insertions(+)
To https://github.com/Edgardo-Casanova/estacion-magallanes.git
   cfbed6ce..f6e8e157  main -> main
