[2026-08-04 12:22:31] 
==================================================
[2026-08-04 12:22:31] APUNTANDO TELESCOPIO A RED: ZTF
[2026-08-04 12:23:29]    -> Procesadas 50 de 1500 alertas...
[2026-08-04 12:24:08]    -> Procesadas 100 de 1500 alertas...
[2026-08-04 12:24:50]    -> Procesadas 150 de 1500 alertas...
[2026-08-04 12:25:31]    -> Procesadas 200 de 1500 alertas...
[2026-08-04 12:25:48] Candidato ZTF20ackiquy procesado exitosamente (AGN / Cuásar).
[2026-08-04 12:26:05] Candidato ZTF19abdjvcx procesado exitosamente (AGN / Cuásar).
[2026-08-04 12:26:25]    -> Procesadas 250 de 1500 alertas...
[2026-08-04 12:27:07]    -> Procesadas 300 de 1500 alertas...
[2026-08-04 12:27:47]    -> Procesadas 350 de 1500 alertas...
[2026-08-04 12:28:28]    -> Procesadas 400 de 1500 alertas...
[2026-08-04 12:28:50] Candidato ZTF19aawnapi procesado exitosamente (AGN / Cuásar).
[2026-08-04 12:29:18]    -> Procesadas 450 de 1500 alertas...
[2026-08-04 12:29:59]    -> Procesadas 500 de 1500 alertas...
[2026-08-04 12:30:35] Candidato ZTF18abuuzmd procesado exitosamente (AGN / Cuásar).
[2026-08-04 12:30:47]    -> Procesadas 550 de 1500 alertas...
[2026-08-04 12:31:30] Candidato ZTF18abvpmmq procesado exitosamente (AGN / Cuásar).
[2026-08-04 12:31:35]    -> Procesadas 600 de 1500 alertas...
[2026-08-04 12:32:14]    -> Procesadas 650 de 1500 alertas...
[2026-08-04 12:32:39] Candidato ZTF19abxierc procesado exitosamente (Candidata (Brote sobre anfitrión antiguo) (Esperando confirmación TNS)).
[2026-08-04 12:32:58] Candidato ZTF19abdksmy procesado exitosamente (AGN / Cuásar).
[2026-08-04 12:33:06]    -> Procesadas 700 de 1500 alertas...
[2026-08-04 12:33:45]    -> Procesadas 750 de 1500 alertas...
[2026-08-04 12:34:12] Candidato ZTF18aceiqha procesado exitosamente (AGN / Cuásar).
[2026-08-04 12:34:31]    -> Procesadas 800 de 1500 alertas...
[2026-08-04 12:35:10]    -> Procesadas 850 de 1500 alertas...
[2026-08-04 12:35:55]    -> Procesadas 900 de 1500 alertas...
[2026-08-04 12:36:29] Candidato ZTF25aayyiun procesado exitosamente (Candidata (Esperando confirmación TNS)).
[2026-08-04 12:36:42]    -> Procesadas 950 de 1500 alertas...
[2026-08-04 12:36:52] Candidato ZTF22abyrddi procesado exitosamente (AGN / Cuásar).
[2026-08-04 12:37:12] Candidato ZTF18abuuybw procesado exitosamente (AGN / Cuásar).
[2026-08-04 12:37:27] Candidato ZTF17aaefmgn procesado exitosamente (AGN / Cuásar).
[2026-08-04 12:37:42]    -> Procesadas 1000 de 1500 alertas...
[2026-08-04 12:38:24]    -> Procesadas 1050 de 1500 alertas...
[2026-08-04 12:39:04] Candidato ZTF19aawnawv procesado exitosamente (AGN / Cuásar).
[2026-08-04 12:39:13] Candidato ZTF24aaxpshz procesado exitosamente (AGN / Cuásar).
[2026-08-04 12:39:27] Candidato ZTF18abtehyb procesado exitosamente (AGN / Cuásar).
[2026-08-04 12:39:31]    -> Procesadas 1100 de 1500 alertas...
[2026-08-04 12:40:24] Candidato ZTF19abkeywh procesado exitosamente (AGN / Cuásar).
[2026-08-04 12:40:31]    -> Procesadas 1150 de 1500 alertas...
[2026-08-04 12:41:00]    [⚠️] RECLASIFICADO: De 'SNII' a 'AGN / Cuásar'
[2026-08-04 12:41:06] Candidato ZTF18abolvoh procesado exitosamente (AGN / Cuásar).
[2026-08-04 12:41:27] Candidato ZTF23aajtsvd procesado exitosamente (AGN / Cuásar).
[2026-08-04 12:41:28]    -> Procesadas 1200 de 1500 alertas...
[2026-08-04 12:42:11]    -> Procesadas 1250 de 1500 alertas...
[2026-08-04 12:42:17]    [⚠️] RECLASIFICADO: De 'SNII' a 'AGN / Cuásar'
[2026-08-04 12:42:22] Candidato ZTF19aauembz procesado exitosamente (AGN / Cuásar).
[2026-08-04 12:42:33] Candidato ZTF18abwwflx procesado exitosamente (AGN / Cuásar).
[2026-08-04 12:42:44] Candidato ZTF19aaucyve procesado exitosamente (AGN / Cuásar).
[2026-08-04 12:43:16]    -> Procesadas 1300 de 1500 alertas...
[2026-08-04 12:43:40] Candidato ZTF18abvwpum procesado exitosamente (AGN / Cuásar).
[2026-08-04 12:44:03]    -> Procesadas 1350 de 1500 alertas...
[2026-08-04 12:44:14]    [X] ZTF26aawdvbd vetado por filtro científico: Ruido / Artefacto.
[2026-08-04 12:44:46]    -> Procesadas 1400 de 1500 alertas...
[2026-08-04 12:45:29]    -> Procesadas 1450 de 1500 alertas...
[2026-08-04 12:46:12] Candidato ZTF19aauczyz procesado exitosamente (AGN / Cuásar).
