[2026-08-09 17:09:27] ==================================================
[2026-08-09 17:09:27] APUNTANDO TELESCOPIO A RED: ZTF
[2026-08-09 17:10:03] -> Procesando evento de interés: ZTF22abfzulf (agn)
[2026-08-09 17:13:02] -> Procesando evento de interés: ZTF20acvmyxz (agn)
[2026-08-09 17:16:56] -> Procesando evento de interés: ZTF18abraeev (nova)
[2026-08-09 17:23:03] -> Procesando evento de interés: ZTF18abqzysd (agn)
[2026-08-09 18:30:12] ==================================================
[2026-08-09 18:30:12] APUNTANDO TELESCOPIO A RED: ZTF
[2026-08-09 19:30:08] ==================================================
[2026-08-09 19:30:08] APUNTANDO TELESCOPIO A RED: ZTF
[2026-08-09 20:30:12] ==================================================
[2026-08-09 20:30:12] APUNTANDO TELESCOPIO A RED: ZTF
[2026-08-09 21:30:10] ==================================================
[2026-08-09 21:30:10] APUNTANDO TELESCOPIO A RED: ZTF
[2026-08-09 22:30:07] ==================================================
[2026-08-09 22:30:07] APUNTANDO TELESCOPIO A RED: ZTF
[2026-08-09 23:30:12] ==================================================
[2026-08-09 23:30:12] APUNTANDO TELESCOPIO A RED: ZTF
[2026-08-10 00:30:13] ==================================================
[2026-08-10 00:30:13] APUNTANDO TELESCOPIO A RED: ZTF
[2026-08-10 01:30:11] ==================================================
[2026-08-10 01:30:11] APUNTANDO TELESCOPIO A RED: ZTF
[2026-08-10 02:30:11] ==================================================
[2026-08-10 02:30:11] APUNTANDO TELESCOPIO A RED: ZTF
